[   0.000000] Initiliin croup bsy cpuset
[  0.000000] Intiizng groupsubsys cp
[    0.000] Iitializing cgroup subsys cpuacct
[    0.000000] Linux version 4.4.0-62-generic (buildd@lcy01-30) (gcc version 5.4.0 20160609 (Ubuntu 5.4.0-6ubuntu1~16.04.4) ) #83-Ubuntu SMP Wed Jan 18 14:10:15 UTC 2017 (Ubuntu 4.4.0-62.83-generic 4.4.40)
[    0.000000] Command line: BOOT_IMAGE=/boot/vmlinuz-4.4.0-62-generic root=UUID=9e3eb56f-ee2f-47aa-afaf-6f4e81766d8a ro console=tty1 console=ttyS0
[    0.000000] KERNEL supported cpus:
[    0.000000]   Intel GenuineIntel
[   000000]  AM AuthenticAMD
[    0.000000]   Centaur CentaurHauls
[    0.000000] x86/pu xstate_offset[2]  57 xstate_sies]: 256
[    000000] x/fpu:Suortng XSAVE feature 0x01: 'x87 floating point registers'
[    0.000000] x86/fpu: Supporting XSAVE feature 0x02: 'SSE registers'
[    0.000000] x86/fpu: Supporting XSAVE feature 0x04: 'AVX registers'
[    0.000000] x86/fpu: Enabled xstate features 0x7, context size is 832 bytes, using 'standard' format.
[     0000] x86/fpu: Usin 'lay' PUcontet switches.
[   0.00000] 82: IOS-rovied phsica RAM map:
   0000000] BIOS-e820: [em x000000000000-00000000009ff] usabl
    0.00000] IO-e20:mem 0x000000000009fc000x0000000009ffff] reserved
[    0.00000] BIOS-e20[mem0x0000000000f0000-0x00000000000fffff] reseved
[    .000] BIOS-82: em 00000000010000-0000000dfeff] usble[    0.00000] BIOS-e820: [mem 0x000000fff000-0x0000000dfffff] ACP dta
[   0.00000]BIS-e80:[mem 0x0000000ffc0000-000000fffffff]reserved
[   0.000] BIS-e820: mem 0x0000010000000-0x000000011f3ffff] sale
   0.00000] NX (ExecuteDibl) rotecton: ctve
   0.00000] SMIO2. present.
[    0.00000] Hypervisor detected:KVM
[  0000000] e20: last_pfn = 0x11f400 max_arch_pfn = 0x400000000
[    0.000000] MTRR: Disabled
[    0.000000] x86/PAT: MTRRs disabled, skipping PAT initialization too.
[    0.000000] x86/PAT: Configuration [0-7]: WB  WT  UC- UC  WB  WT  UC- UC  
[    0.000000] CPU MTRRs all blank - virtualized system.
[    0.000000] e820: last_pfn = 0xdfff0maarch_pfn  04000000[    0.000000] found MP MP-tabl a [em 0x009ff0-0x009fff]mape at [ffff8800009ff0
[   0.0000]Scanning 1 areas for low memory corruption
[    0.000000] RAMDISK: [mem 0x36308000-0x3717bfff]
[    0.000000] ACPI: Early table checksum verification disabled
[    0.000000] ACPI: RSDP 0x00000000000E0000 000024 (v02 VBOX  )
[    0.0000000]CP: SDT 00000000DFFF0030 00003C (v01 VBOX   VBOXXSDT 00000001 ASL  00000061)
[    0.000000 API: FCP 0x0000000DFF00F0 0000F4 (v04 VBOX   VBOXFACP 00000001 ASL  00000061)
[    0.000000] ACPI: DSDT 0x00000000DFFF0470 002106 (v01 VBOX   OXOS 00000002 INTL 200028
[    0.0000] ACPI: FACS 0x00000000DFFF00 000040
[    0.000000] ACPI: FACS 0x00000000DFFF0200 000040
[    0.000000] ACPI: APIC 0x00000000DFFF0240 00005C (v02 VBOX   VBOXAPIC 00000001 ASL  0000001)
[   0.00000] ACPI:SD 0x000000DF02A0 0001CC 01BOX   BOXCUT00002 INTL 2100528
[  000000] No NUMA coniguratonound
   0.00000] aknga ode at [m 0000000000000-0x000000011f3fff][    0.00000] NDE_DAT(0) allcated [me 011f390000x11f3fdfff]
[    0.000000] kvm-clock: Using msrs 4b564d01 and 4b564d00
[    0.000000] kvm-clock: cpu 0, msr 1:1f3f1001, primary cpu clock
[    0.000000] kvm-clock: using sched offset of 3524615048 cycles
[    0.000000] clocksource: kvm-clock: mask: xfffffffffffff max_cycls: 01cd42e4dffb, max_ile_ns: 885959483 ns
[    0.0000]one ranes:
[    .000000]   DMA      [mem 0x0000000000001000-0x0000000000ffffff]
[    0.000000]   DMA32    [mem 0x0000000001000000-0x00000000ffffffff]
[    0.000000]   Normal   [mem 0x0000000100000000-0x000000011f3fffff]
[    0.000000]   Device   empty
[    0.000000] Movable zone start for each node
[    0.000000] Early memory node ranges
[    0.000000]   node   0: [mem 0x0000000000001000-0x000000000009efff]
[    0.000000]   node   0: [mem 0x0000000000100000-0x00000000dffeffff]
[    0.000000]   node   0: [mem 0x0000000100000000-0x000000011f3fffff]
[    0.000000] Initmem setup node 0 [mem 0x0000000000001000-0x000000011f3fffff]
[    0.000000] ACPI: PM-Timer IO Port: 0x4008
[    0.000000] IAPIC[0] apic_id2,versn 17 addess 0ec0000, I 0-3
[    0000000] ACPI: INT_SRC_OVR (bus 0 bus_irq 0 global_irq 2 dfl dfl)
[    0.000000] ACPI: INT_SRC_OVR (bus 0 bus_irq 9 global_irq 9 high level)
[    0.000000] Using ACPI (MADT) for SMP configuration information
[    0.000000] smpboot: Alowg 2 PUs 0 hotpug CPUs
[    0.00000] PM:Restred nosae memory: [mem 0x00000000-0x00000fff]
[    0.000000] PM: Registered nosave memory: [mem 0x0009f000-0x0009ffff]
[    0.00000]M: Reistered nosavemeory: [mem 0x000a0000-0x000effff]
[    0.000000] PM: Registered nosave memory: [mem 0x000f0000-0x000fffff]
[   0.0000 P: Registerd nosave memory: [me 0fff0000-0xdfffff]
[   0.000000] M:Reistered nosae meory:[mm 0xe00000-0xfffbffff]
[    0.000000] PM: Registered nosave memory: [mem 0xfffc00000xffffffff]
[    .00000] e820: [mem 0xe0000000-0xfffbffff] available for PCI devices
[    0.000000] Booting paravirtualized kernel on KVM
[   0.000000] clocksource: refined-jiffies: mask: 0xffffffff max_cycles: 0xffffffff, max_idle_s:6455960021168 ns
[   0.000000] setup_percpu: NR_CPUS:512 nr_cpumask_bits:512 nr_cpu_ids:2 nr_node_ids:1
[    0.000000] PERCPU: Embedded 33 pages/cpu @ffff88011f000000 s964r8192 d28712 u048576
[    0.000000] PV qspinlock hash table entries: 256 (order: 0, 4096 bytes)
[    0.000000] Built 1 znests i Nod order mobilitygrping on.  Total pages: 1029033
[    0.000000] Policy zone: Normal
[    0.000000] Kernel command line: BOOT_IAGE/bt/vmliz-4.4.0-62-generic root=UUID=9e3eb56f-eef-47aa-afaf-6f4e81766d8a ro console=tty1 console=ttyS0
[    0.000000] PID hash table enri: 496 (order: 3, 32768 byts)[    000000] Memory:401601K/4181560K available (8436K kernel code, 1291K rwdata, 3960K rodata, 1488K init, 1316K bss, 165548K reserved, 0K cma-reserved)
[    0.000000] SLUB: HWalign=64, Order=0-3 MObects=, CPUs2, Nodes=1
[    0.000000] Hierarchical RCU implementation.
[    0.000000] 	Build-time adjustment of leaf fanout to 64.
[    0.000000] 	RCU restricting CPUs from NR_CPUS=512 to nr_cpu_ids=2.
[    0.000000] RCU: Adjusting geometry for rcu_fanout_leaf=64, nr_cpu_ids=2
[    0.000000] NR_IRQS:33024 nr_irqs:440 16
[    0.000000] Console: colour VGA+ 80x25
[    0.000000] console [tty1] enabled
[    0.000000] console [ttyS0] enabled
[    0.000000] tsc: Detected 2294.688 MHz processor
[    6.327859] Calibrating delay loop (skipped) preset value.. 458.3 BogoMIPS (lpj=9178752)
[    6.376901] pid_max: default: 32768 minimum: 301
[    6.396446] ACPI: Core revision 20150930
[    6.397997] ACPI: 2 ACPI AML tables successfully acquired and loaded
[    6.399284] Security Framework initialized
[    6.400115] Yama: becoming mindful.
[    6.400850] AppArmor: AppArmor initialized
[    6.403871] Dentry cache hash table entries: 524288 (order: 10, 4194304 bytes)
[    6.451184] Inode-cache hash table entries: 262144 (order: 9, 2097152 bytes)
[    6.496267] Mount-cache hash table entries: 8192 (order: 4, 65536 bytes)
[    6.560694] Mountpoint-cache hash table entries: 8192 (order: 4, 65536 bytes)
[    6.655777] Initializing cgroup subsys io
[    6.691019] Initializing cgroup subsys memory
[    6.747676] Initializing cgroup subsys devices
[    6.787680] Initializing cgroup subsys freezer
[    6.855114] Initializing cgroup subsys net_cls
[    6.898823] Initializing cgroup subsys perf_event
[    6.959210] Initializing cgroup subsys net_prio
[    7.035150] Initializing cgroup subsys hugetlb
[    7.105608] Initializing cgroup subsys pids
[    7.136255] CPU: Physical Processor ID: 0
[    7.154203] CPU: Processor Core ID: 0
[    7.155755] mce: CPU supports 0 MCE banks
[    7.199979] Last level iTLB entries: 4KB 1024, 2MB 1024, 4MB 1024
[    7.263893] Last level dTLB entries: 4KB 1024, 2MB 1024, 4MB 1024, 1GB 4
[    7.280521] Freeing SMP alternatives memory: 32K (ffffffff820b8000 - ffffffff820c0000)
[    7.391236] ftrace: allocating 32065 entries in 126 pages
[    7.444489] smpboot: APIC(0) Converting physical 0 to logical package 0
[    7.524538] smpboot: Max logical packages: 1
[    7.581058] ..TIMER: vector=0x30 apic1=0 pin1=2 apic2=-1 pin2=-1
[    7.759197] smpboot: CPU0: Intel(R) Core(TM) i7-4850HQ CPU @ 2.30GHz (family: 0x6, model: 0x46, stepping: 0x1)
[    7.863910] Performance Events: unsupported p6 CPU model 70 no PMU driver, software events only.
[    7.928319] KVM setup paravirtual spinlock
[    7.994183] x86: Booting SMP configuration:
[    8.039387] .... node  #0, CPUs:      #1
[    8.040368] kvm-clock: cpu 1, msr 1:1f3f1041, secondary cpu clock
[    8.091806] mce: CPU supports 0 MCE banks
[    8.104666] x86: Booted up 1 node, 2 CPUs
[    8.116558] smpboot: Total of 2 processors activated (9178.75 BogoMIPS)
[    8.200197] devtmpfs: initialized
[    8.225305] evm: security.selinux
[    8.270011] evm: security.SMACK64
[    8.285100] evm: security.SMACK64EXEC
[    8.302943] evm: security.SMACK64TRANSMUTE
[    8.303899] evm: security.SMACK64MMAP
[    8.304649] evm: security.ima
[    8.305315] evm: security.capability
[    8.308434] clocksource: jiffies: mask: 0xffffffff max_cycles: 0xffffffff, max_idle_ns: 7645041785100000 ns
[    8.382885] pinctrl core: initialized pinctrl subsystem
[    8.402444] RTC time:  1:57:44, date: 02/20/17
[    8.409694] NET: Registered protocol family 16
[    8.419113] cpuidle: using governor ladder
[    8.482846] cpuidle: using governor menu
[    8.522837] PCCT header not found.
[    8.531848] ACPI: bus type PCI registered
[    8.545500] acpiphp: ACPI Hot Plug PCI Controller Driver version: 0.5
[    8.583846] PCI: Using configuration type 1 for base access
[    8.601210] ACPI: Added _OSI(Module Device)
[    8.648874] ACPI: Added _OSI(Processor Device)
[    8.681050] ACPI: Added _OSI(3.0 _SCP Extensions)
[    8.707910] ACPI: Added _OSI(Processor Aggregator Device)
[    8.732760] ACPI: Executed 1 blocks of module-level executable AML code
[    8.757299] ACPI: Interpreter enabled
[    8.774481] ACPI: (supports S0 S5)
[    8.795189] ACPI: Using IOAPIC for interrupt routing
[    8.796234] PCI: Using host bridge windows from ACPI; if necessary, use "pci=nocrs" and report a bug
[    8.857643] ACPI: PCI Root Bridge [PCI0] (domain 0000 [bus 00-ff])
[    8.889734] acpi PNP0A03:00: _OSC: OS supports [ASPM ClockPM Segments MSI]
[    8.951107] acpi PNP0A03:00: _OSC failed (AE_NOT_FOUND); disabling ASPM
[    8.959873] acpi PNP0A03:00: fail to add MMCONFIG information, can't access extended PCI configuration space under this bridge.
[    8.963359] PCI host bridge to bus 0000:00
[    8.979258] pci_bus 0000:00: root bus resource [io  0x0000-0x0cf7 window]
[    8.980569] pci_bus 0000:00: root bus resource [io  0x0d00-0xffff window]
[    8.981670] pci_bus 0000:00: root bus resource [mem 0x000a0000-0x000bffff window]
[    8.993352] pci_bus 0000:00: root bus resource [mem 0xe0000000-0xffdfffff window]
[    9.049182] pci_bus 0000:00: root bus resource [bus 00-ff]
[    9.075777] pci 0000:00:01.1: legacy IDE quirk: reg 0x10: [io  0x01f0-0x01f7]
[    9.076910] pci 0000:00:01.1: legacy IDE quirk: reg 0x14: [io  0x03f6]
[    9.077915] pci 0000:00:01.1: legacy IDE quirk: reg 0x18: [io  0x0170-0x0177]
[    9.127410] pci 0000:00:01.1: legacy IDE quirk: reg 0x1c: [io  0x0376]
[    9.191549] ACPI: PCI Interrupt Link [LNKA] (IRQs 5 9 10 11) *0, disabled.
[    9.247413] ACPI: PCI Interrupt Link [LNKB] (IRQs 5 9 10 *11)
[    9.260389] ACPI: PCI Interrupt Link [LNKC] (IRQs 5 9 *10 11)
[    9.312046] ACPI: PCI Interrupt Link [LNKD] (IRQs 5 *9 10 11)
[    9.347692] ACPI: Enabled 2 GPEs in block 00 to 07
[    9.349192] vgaarb: setting as boot device: PCI:0000:00:02.0
[    9.350268] vgaarb: device added: PCI:0000:00:02.0,decodes=io+mem,owns=io+mem,locks=none
[    9.396999] vgaarb: loaded
[    9.409171] vgaarb: bridge control possible 0000:00:02.0
[    9.432180] SCSI subsystem initialized
[    9.433131] ACPI: bus type USB registered
[    9.433997] usbcore: registered new interface driver usbfs
[    9.471522] usbcore: registered new interface driver hub
[    9.472523] usbcore: registered new device driver usb
[    9.502931] PCI: Using ACPI for IRQ routing
[    9.520624] NetLabel: Initializing
[    9.536759] NetLabel:  domain hash size = 128
[    9.571801] NetLabel:  protocols = UNLABELED CIPSOv4
[    9.595717] NetLabel:  unlabeled traffic allowed by default
[    9.628660] amd_nb: Cannot enumerate AMD northbridges
[    9.677891] clocksource: Switched to clocksource kvm-clock
[   9.2892] AppArmor: Apprmr ilesyteEnbled
  9.931] p:nPAC iit
[ 10.319720pn: nP ACPI:fod  dics
[   10.656937] clocksource: acpi_pm: mask: 0xffffff max_cycles: 0xffffff, max_idle_ns: 2085701024 ns
[   10.684540] NET: Registered protocol family 2
[   10.695778] TCP established hash table entries: 32768 (order: 6, 262144 bytes)
[   10.726892] TCP bind hash table entries: 32768 (order: 7, 524288 bytes)
[   10.788393] TCP: Hash tables configured (established 32768 bind 32768)
[   10.815528] UDP hash table entries: 2048 (order: 4, 65536 bytes)
[   10.875870] UDP-Lite hash table entries: 2048 (order: 4, 65536 bytes)
[   10.897223] NET: Registered protocol family 1
[   10.919745] pci 0000:00:00.0: Limiting direct PCI/PCI transfers
[   10.943263] pci 0000:00:01.0: Activating ISA DMA hang workarounds
[   10.959173] Trying to unpack rootfs image as initramfs...
[   11.194077] Freeing initrd memory: 14800K (ffff880036308000 - ffff88003717c000)
[   11.244465] PCI-DMA: Using software bounce buffering for IO (SWIOTLB)
[   11.258361] software IO TLB [mem 0xdbff0000-0xdfff0000] (64MB) mapped at [ffff8800dbff0000-ffff8800dffeffff]
[   11.275900] platform rtc_cmos: registered platform RTC device (no PNP device found)
[   11.277384] Scanning for low memory corruption every 60 seconds
[   11.338951] futex hash table entries: 512 (order: 3, 32768 bytes)
[   11.369532] audit: initializing netlink subsys (disabled)
[   11.418156] audit: type=2000 audit(1487555863.992:1): initialized
[   11.431067] Initialise system trusted keyring
[   11.442508] HugeTLB registered 2 MB page size, pre-allocated 0 pages
[   11.457015] zbud: loaded
[   11.488239] VFS: Disk quotas dquot_6.6.0
[   11.497288] VFS: Dquot-cache hash table entries: 512 (order 0, 4096 bytes)
[   11.515557] squashfs: version 4.0 (2009/01/31) Phillip Lougher
[   11.525456] fuse init (API version 7.23)
[   11.535879] Key type big_key registered
[   11.540455] Allocating IMA MOK and blacklist keyrings.
[   11.558524] Key type asymmetric registered
[   11.595302] Asymmetric key parser 'x509' registered
[   11.612699] Block layer SCSI generic (bsg) driver version 0.4 loaded (major 249)
[   11.625638] io scheduler noop registered
[   11.637184] io scheduler deadline registered (default)
[   11.638211] io scheduler cfq registered
[   11.639030] pci_hotplug: PCI Hot Plug PCI Core version: 0.5
[   11.639996] pciehp: PCI Express Hot Plug Controller Driver version: 0.4
[   11.693509] ACPI: AC Adapter [AC] (off-line)
[   11.705963] input: Power Button as /devices/LNXSYSTM:00/LNXPWRBN:00/input/input0
[   11.725774] ACPI: Power Button [PWRF]
[   11.726658] input: Sleep Button as /devices/LNXSYSTM:00/LNXSLPBN:00/input/input1
[   11.743826] ACPI: Sleep Button [SLPF]
[   11.786085] GHES: HEST is not enabled!
[   11.787513] ACPI: Battery Slot [BAT0] (battery present)
[   11.813924] Serial: 8250/16550 driver, 32 ports, IRQ sharing enabled
[   11.905802] 00:02: ttyS0 at I/O 0x3f8 (irq = 4, base_baud = 115200) is a 16550A
[   11.976545] Linux agpgart interface v0.103
[   12.000132] brd: module loaded
[   12.017070] loop: module loaded
[   12.038530] scsi host0: ata_piix
[   12.044656] scsi host1: ata_piix
[   12.058637] ata1: PATA max UDMA/33 cmd 0x1f0 ctl 0x3f6 bmdma 0xd000 irq 14
[   12.085015] ata2: PATA max UDMA/33 cmd 0x170 ctl 0x376 bmdma 0xd008 irq 15
[   12.104887] libphy: Fixed MDIO Bus: probed
[   12.119556] tun: Universal TUN/TAP device driver, 1.6
[   12.120733] tun: (C) 1999-2004 Max Krasnyansky <maxk@qualcomm.com>
[   12.121887] PPP generic driver version 2.4.2
[   12.122886] ehci_hcd: USB 2.0 'Enhanced' Host Controller (EHCI) Driver
[   12.132251] ehci-pci: EHCI PCI platform driver
[   12.133084] ehci-platform: EHCI generic platform driver
[   12.168100] ohci_hcd: USB 1.1 'Open' Host Controller (OHCI) Driver
[   12.190466] ohci-pci: OHCI PCI platform driver
[   12.217855] ohci-platform: OHCI generic platform driver
[   12.269745] uhci_hcd: USB Universal Host Controller Interface driver
[   12.294902] tsc: Refined TSC clocksource calibration: 2294.688 MHz
[   12.311190] clocksource: tsc: mask: 0xffffffffffffffff max_cycles: 0x21139aef754, max_idle_ns: 440795211890 ns
[   12.311347] i8042: PNP: PS/2 Controller [PNP0303:PS2K,PNP0f03:PS2M] at 0x60,0x64 irq 1,12
[   12.311784] serio: i8042 KBD port at 0x60,0x64 irq 1
[   12.311790] serio: i8042 AUX port at 0x60,0x64 irq 12
[   12.318458] mousedev: PS/2 mouse device common for all mice
[   12.387962] input: AT Translated Set 2 keyboard as /devices/platform/i8042/serio0/input/input2
[   12.394222] rtc_cmos rtc_cmos: rtc core: registered rtc_cmos as rtc0
[   12.394281] rtc_cmos rtc_cmos: alarms up to one day, 114 bytes nvram
[   12.394289] i2c /dev entries driver
[   12.394349] device-mapper: uevent: version 1.0.3
[   12.394416] device-mapper: ioctl: 4.34.0-ioctl (2015-10-28) initialised: dm-devel@redhat.com
[   12.394432] ledtrig-cpu: registered to indicate activity on CPUs
[   12.398673] NET: Registered protocol family 10
[   12.398810] NET: Registered protocol family 17
[   12.398820] Key type dns_resolver registered
[   12.399470] microcode: CPU0 sig=0x40661, pf=0x40, revision=0x0
[   12.399477] microcode: CPU1 sig=0x40661, pf=0x40, revision=0x0
[   12.399500] microcode: Microcode Update Driver: v2.01 <tigran@aivazian.fsnet.co.uk>, Peter Oruba
[   12.399606] registered taskstats version 1
[   12.399621] Loading compiled-in X.509 certificates
[   12.400211] Loaded X.509 cert 'Build time autogenerated kernel key: a630254739635d6fdc487c9f0afa5d9a0ff04f04'
[   12.400224] zswap: loaded using pool lzo/zbud
[   12.403481] Key type trusted registered
[   12.405700] Key type encrypted registered
[   12.405705] AppArmor: AppArmor sha1 policy hashing enabled
[   12.405708] ima: No TPM chip found, activating TPM-bypass!
[   12.405724] evm: HMAC attrs: 0x1
[   12.405957]   Magic number: 5:24:964
[   12.405994] memory memory15: hash matches
[   12.446468] rtc_cmos rtc_cmos: setting system clock to 2017-02-20 01:57:48 UTC (1487555868)
[   12.446694] BIOS EDD facility v0.16 2004-Jun-25, 0 devices found
[   12.446694] EDD information not available.
[   13.015901] Freeing unused kernel memory: 1488K (ffffffff81f44000 - ffffffff820b8000)
[   13.083570] Write protecting the kernel read-only data: 14336k
[   13.094629] Freeing unused kernel memory: 1792K (ffff880001840000 - ffff880001a00000)
[   13.121554] Freeing unused kernel memory: 136K (ffff880001dde000 - ffff880001e00000)
Loading, please wait...
starting version[   13.180135] random: systemd-udevd: uninitialized urandom read (16 bytes read, 2 bits of entropy available)
 229
[   13.181055] random: udevadm: uninitialized urandom read (16 bytes read, 2 bits of entropy available)
[   13.181099] random: udevadm: uninitialized urandom read (16 bytes read, 2 bits of entropy available)
[   13.181223] random: udevadm: uninitialized urandom read (16 bytes read, 2 bits of entropy available)
[   13.181348] random: udevadm: uninitialized urandom read (16 bytes read, 2 bits of entropy available)
[   13.181404] random: udevadm: uninitialized urandom read (16 bytes read, 2 bits of entropy available)
[   13.181492] random: udevadm: uninitialized urandom read (16 bytes read, 2 bits of entropy available)
[   13.181545] random: udevadm: uninitialized urandom read (16 bytes read, 2 bits of entropy available)
[   13.181600] random: udevadm: uninitialized urandom read (16 bytes read, 2 bits of entropy available)
[   13.181664] random: udevadm: uninitialized urandom read (16 bytes read, 2 bits of entropy available)
[   13.591097] e1000: Intel(R) PRO/1000 Network Driver - version 7.3.21-k8-NAPI
[   13.650459] e1000: Copyright (c) 1999-2006 Intel Corporation.
[   13.672131] Fusion MPT base driver 3.04.20
[   13.686116] Copyright (c) 1999-2008 LSI Corporation
[   13.721761] Fusion MPT SPI Host driver 3.04.20
[   13.763853] AVX version of gcm_enc/dec engaged.
[   13.779013] AES CTR mode by8 optimization enabled
[   13.918932] input: ImExPS/2 Generic Explorer Mouse as /devices/platform/i8042/serio1/input/input4
[   14.093857] e1000 0000:00:03.0 eth0: (PCI:33MHz:32-bit) 02:6d:90:52:c7:b2
[   14.142486] e1000 0000:00:03.0 eth0: Intel(R) PRO/1000 Network Connection
[   14.195061] mptbase: ioc0: Initiating bringup
[   14.235261] e1000 0000:00:03.0 enp0s3: renamed from eth0
[   14.358580] ioc0: LSI53C1030 A0: Capabilities={Initiator}
[   15.349937] scsi host2: ioc0: LSI53C1030 A0, FwRev=00000000h, Ports=1, MaxQ=256, IRQ=20
[   16.138967] scsi 2:0:0:0: Direct-Access     VBOX     HARDDISK         1.0  PQ: 0 ANSI: 5
[   16.169955] scsi target2:0:0: Beginning Domain Validation
[   16.221946] scsi target2:0:0: Domain Validation skipping write tests
[   16.252379] scsi target2:0:0: Ending Domain Validation
[   16.256113] scsi target2:0:0: asynchronous
[   16.257479] scsi 2:0:1:0: Direct-Access     VBOX     HARDDISK         1.0  PQ: 0 ANSI: 5
[   16.316057] scsi target2:0:1: Beginning Domain Validation
[   16.348691] scsi target2:0:1: Domain Validation skipping write tests
[   16.351251] scsi target2:0:1: Ending Domain Validation
[   16.386740] scsi target2:0:1: asynchronous
[   16.414333] sd 2:0:0:0: [sda] 20971520 512-byte logical blocks: (10.7 GB/10.0 GiB)
[   16.414383] sd 2:0:0:0: Attached scsi generic sg0 type 0
[   16.415155] sd 2:0:1:0: Attached scsi generic sg1 type 0
[   16.514778] sd 2:0:1:0: [sdb] 20480 512-byte logical blocks: (10.5 MB/10.0 MiB)
[   16.539685] sd 2:0:1:0: [sdb] Write Protect is off
[   16.557755] sd 2:0:0:0: [sda] Write Protect is off
[   16.607673] sd 2:0:0:0: [sda] Incomplete mode parameter data
[   16.982731] sd 2:0:0:0: [sda] Assuming drive cache: write through
[   17.047797] floppy0: no floppy controllers found
[   17.070532] sd 2:0:1:0: [sdb] Incomplete mode parameter data
[   17.072296]  sda: sda1
[   17.129777] sd 2:0:1:0: [sdb] Assuming drive cache: write through
[   17.131669] sd 2:0:0:0: [sda] Attached SCSI disk
[   17.154945] sd 2:0:1:0: [sdb] Attached SCSI disk
Begin: Loading e[   18.550234] md: linear personality registered for level -1
ssential drivers[   18.599553] md: multipath personality registered for level -4
 ... [   18.631980] md: raid0 personality registered for level 0
[   18.637140] md: raid1 personality registered for level 1
[   18.750047] raid6: sse2x1   gen()  7922 MB/s
[   18.837322] raid6: sse2x1   xor()  7056 MB/s
[   18.942509] raid6: sse2x2   gen() 12291 MB/s
[   19.037965] raid6: sse2x2   xor()  8080 MB/s
[   19.113907] raid6: sse2x4   gen() 13605 MB/s
[   19.201918] raid6: sse2x4   xor()  9126 MB/s
[   19.221887] raid6: using algorithm sse2x4 gen() 13605 MB/s
[   19.248999] raid6: .... xor() 9126 MB/s, rmw enabled
[   19.296142] raid6: using ssse3x2 recovery algorithm
[   19.322491] xor: automatically using best checksumming function:
[   19.390044]    avx       : 21863.000 MB/sec
[   19.427628] async_tx: api initialized (async)
[   19.454058] md: raid6 personality registered for level 6
[   19.486371] md: raid5 personality registered for level 5
[   19.503076] md: raid4 personality registered for level 4
[   19.545437] md: raid10 personality registered for level 10
done.
Begin: Running /scripts/init-premount ... done.
Begin: Mounting root file system ... Begin: Running /scripts/local-top ... done.
Begin: Running /scripts/local-premount ... [   19.612840] Btrfs loaded
Scanning for Btrfs filesystems
done.
Warning: fsck no[   19.649642] EXT4-fs (sda1): INFO: recovery required on readonly filesystem
t present, so sk[   19.674531] EXT4-fs (sda1): write access will be enabled during recovery
ipping root file system
[   19.793878] EXT4-fs (sda1): orphan cleanup on readonly fs
[   19.831520] EXT4-fs (sda1): 6 orphan inodes deleted
[   19.847341] EXT4-fs (sda1): recovery complete
[   19.855997] EXT4-fs (sda1): mounted filesystem with ordered data mode. Opts: (null)
done.
Begin: Running /scripts/local-bottom ... done.
Begin: Running /scripts/init-bottom ... done.
[   19.982551] systemd[1]: systemd 229 running in system mode. (+PAM +AUDIT +SELINUX +IMA +APPARMOR +SMACK +SYSVINIT +UTMP +LIBCRYPTSETUP +GCRYPT +GNUTLS +ACL +XZ -LZ4 +SECCOMP +BLKID +ELFUTILS +KMOD -IDN)
[   20.164408] systemd[1]: Detected virtualization oracle.
[   20.222781] systemd[1]: Detected architecture x86-64.

Welcome to [1mUbuntu 16.04.1 LTS[0m!

[   20.243258] systemd[1]: Set hostname to <ubuntu-xenial>.
[   20.371461] systemd[1]: Listening on Journal Audit Socket.
[[0;32m  OK  [0m] Listening on Journal Audit Socket.
[  2.420 stemd1]: Liteng o uv ontolocket.
[[0;32m  OK  [0m] Listening on udev Control Socket.
[   0.66270] systmd]: istening on LVM2 metadata daemon socket.

[[0;32m  OK  [0m] Listening on LVM2 metadata daemon socket.
[   21.113966] systemd[1]: Started Forward Password Requests to Wall Directory Watch.
[[0;32m  OK  [0m] Started Forward Password Requests to Wall Directory Watch.
[   21.254273 sstemd[1: Listening on Journal Socket.
[[0;32m  OK  [0m] Listening on Journal Socket.
[  21.40660] syted[1]: Create sic Sst Sice.

[[0;32m  OK  [0m] Created slice System Slice.
[   21.710128] systemd[1]: Mounting Debug File System...
         Mounting Debug File System...
[   21.791093] systemd[1]: Starting Set console keymap...
         Starting Set console keymap...
[   21.846101] systemd[1]: Starting Load Kernel Modules...
         Starting Load Kernel Modules...
[   21.882389] Loading iSCSI transport class v2.0-870.
[   21.882990] systemd[1]: Starting Nameserver information manager...
         Starting Nameserver information manager...
[   21.970656] systemd[1]: Starting Uncomplicated firewall...
         Starting Uncomplicated [   21.977886] iscsi: registered transport (tcp)
firewall...
[   22.031501] iscsi: registered transport (iser)
[   22.058113] systemd[1]: Starting Remount Root and Kernel File Systems...
[   22.063568] EXT4-fs (sda1): re-mounted. Opts: (null)
         Starting Remount Root and Kernel File Systems...
[   22.102385] systemd[1]: Set up automount Arbitrary Executable File Formats File System Automount Point.
[[0;32m  OK  [0m] Set up automount Arbitrary Executab...ats File System Automount Point.
[   22.178454] systemd[1]: Listening on Syslog Socket.
[[0;32m  OK  [0m] Listening on Syslog Socket.
[   22.246958] systemd[1]: Listening on Journal Socket (/dev/log).
[[0;32m  OK  [0m] Listening on Journal Socket (/dev/log).
[   22.334144] systemd[1]: Starting Journal Service...
         Starting Journal Service...
[   22.344024] systemd[1]: Listening on Device-mapper event daemon FIFOs.
[[0;32m  OK  [0m] Listening on Device-mapper event daemon FIFOs.
[   22.390159] systemd[1]: Reached target Swap.
[[0;32m  OK  [0m] Reached target Swap.
[   22.426686] systemd[1]: Listening on udev Kernel Socket.
[[0;32m  OK  [0m] Listening on udev Kernel Socket.
[   22.506198] systemd[1]: Starting Create list of required static device nodes for the current kernel...
[   22.507217] random: nonblocking pool is initialized
         Starting Create list of required st... nodes for the current kernel...
[   22.632038] systemd[1]: Listening on /dev/initctl Compatibility Named Pipe.
[[0;32m  OK  [0m] Listening on /dev/initctl Compatibility Named Pipe.
[   22.694149] systemd[1]: Mounting POSIX Message Queue File System...
         Mounting POSIX Message Queue File System...
[   22.762131] systemd[1]: Reached target Encrypted Volumes.
[[0;32m  OK  [0m] Reached target Encrypted Volumes.
[   22.838315] systemd[1]: Listening on LVM2 poll daemon socket.
[[0;32m  OK  [0m] Listening on LVM2 poll daemon socket.
[   22.938401] systemd[1]: Starting Monitoring of LVM2 mirrors, snapshots etc. using dmeventd or progress polling...
         Starting Monitoring of LVM2 mirrors... dmeventd or progress polling...
[   23.012774] systemd[1]: Reached target User and Group Name Lookups.
[[0;32m  OK  [0m] Reached target User and Group Name Lookups.
[   23.030521] systemd[1]: Created slice User and Session Slice.
[[0;32m  OK  [0m] Created slice User and Session Slice.
[   23.102087] systemd[1]: Reached target Slices.
[[0;32m  OK  [0m] Reached target Slices.
[   23.182084] systemd[1]: Mounting Huge Pages File System...
         Mounting Huge Pages File System...
[   23.208194] systemd[1]: Created slice system-serial\x2dgetty.slice.
[[0;32m  OK  [0m] Created slice system-serial\x2dgetty.slice.
[   23.279074] systemd[1]: Mounted Debug File System.
[[0;32m  OK  [0m] Mounted Debug File System.
[   23.326368] systemd[1]: Mounted POSIX Message Queue File System.
[[0;32m  OK  [0m] Mounted POSIX Message Queue File System.
[   23.378150] systemd[1]: Mounted Huge Pages File System.
[[0;32m  OK  [0m] Mounted Huge Pages File System.
[   23.438831] systemd[1]: Started Journal Service.
[[0;32m  OK  [0m] Started Journal Service.
[[0;32m  OK  [0m] Started Set console keymap.
[[0;32m  OK  [0m] Started Load Kernel Modules.
[[0;32m  OK  [0m] Started Uncomplicated firewall.
[[0;32m  OK  [0m] Started Remount Root and Kernel File Systems.
[[0;32m  OK  [0m] Started Create list of required sta...ce nodes for the current kernel.
[[0;32m  OK  [0m] Started Nameserver information manager.
[[0;32m  OK  [0m] Started LVM2 metadata daemon.
         Starting Create Static Device Nodes in /dev...
         Starting Initial cloud-init job (pre-networking)...
         Starting Load/Save Random Seed...
         Starting udev Coldplug all Devices...
         Mounting FUSE Control File System...
         Starting Apply Kernel Variables...
         Starting Flush Journal to Persistent Storage...
[[0;32m  OK  [0m] Mounted FUSE Control File System.
[[0;32m  OK  [0m] Started Monitoring of LVM2 mirrors,...ng dmeventd or progress polling.
[[0;32m  OK  [0m] Started Create Static Device Nodes in /dev.
[[0;32m  OK  [0m] Started Load/Save Random Seed.
[[0;32m  OK  [0m] Started Apply Kernel Variables.
[[0;32m  OK  [0m] Started udev Coldplug all Devices.
[[0;32m  OK  [0m] Started Flush Journal to Persistent Storage.
         Starting udev Kernel Device Manager...
[[0;32m  OK  [0m] Started udev Kernel Device Manager.
[[0;32m  OK  [0m] Reached target Local File Systems (Pre).
[[0;32m  OK  [0m] Reached target Local File Systems.
         Starting LSB: AppArmor initialization...
         Starting Create Volatile Files and Directories...
         Starting Tell Plymouth To Write Out Runtime Data...
         Starting Set console font and keymap...
[[0;32m  OK  [0m] Started Dispatch Password Requests to Console Directory Watch.
[[0;32m  OK  [0m] Started Create Volatile Files and Directories.
[[0;32m  OK  [0m] Started Tell Plymouth To Write Out Runtime Data.
[[0;32m  OK  [0m] Found device /dev/ttyS0.
[   15.813249] cloud-init[477]: Cloud-init v. 0.7.8 running 'init-local' at Mon, 20 Feb 2017 01:58:00 +0000. Up 15.31 seconds.
[[0;32m  OK  [0m] Reached target System Time Synchronized.
         Starting Update UTMP about System Boot/Shutdown...
[[0;32m  OK  [0m] Started LSB: AppArmor initialization.
[[0;32m  OK  [0m] Started Set console font and keymap.
[[0;32m  OK  [0m] Started Initial cloud-init job (pre-networking).
[[0;32m  OK  [0m] Started Update UTMP about System Boot/Shutdown.
[[0;32m  OK  [0m] Listening on Load/Save RF Kill Switch Status /dev/rfkill Watch.
[[0;32m  OK  [0m] Reached target Network (Pre).
[[0;32m  OK  [0m] Started ifup for enp0s3.
[[0;32m  OK  [0m] Created slice system-getty.slice.
         Starting Raise network interfaces...
[[0;32m  OK  [0m] Started Raise network interfaces.
         Starting Initial cloud-init job (metadata service crawler)...
[[0;32m  OK  [0m] Reached target Network.
[   18.947155] cloud-init[1070]: Cloud-init v. 0.7.8 running 'init' at Mon, 20 Feb 2017 01:58:03 +0000. Up 18.73 seconds.
[   19.000403] cloud-init[1070]: ci-info: +++++++++++++++++++++++++++++++++++++Net device info++++++++++++++++++++++++++++++++++++++
[   19.000637] cloud-init[1070]: ci-info: +--------+------+----------------------------+---------------+-------+-------------------+
[[0;32m  OK  [0m] Started Initial cloud-init job (metadata service crawler).
[   19.000769] cloud-init[1070]: ci-info: | Device |  Up  |          Address           |      Mask     | Scope |     Hw-Address    |
[   19.104283] cloud-init[1070]: ci-info: +--------+------+----------------------------+---------------+-------+-------------------+
[   19.104649] cloud-init[1070]: ci-info: |   lo   | True |         127.0.0.1          |   255.0.0.0   |   .   |         .         |
[[0;32m  OK  [0m] Reached target Cloud-config availability.
[[   19.104852] cloud-init[1070]: ci-info: |   lo   | True |          ::1/128           |       .       |  host |         .         |
[   19.321148] cloud-init[1070]: ci-info: | enp0s3 | True |         10.0.2.15          | 255.255.255.0 |   .   | 02:6d:90:52:c7:b2 |
[0;32m  OK  [0m] Reached target System Initialization.
[   19.321213] cloud-init[1070]: ci-info: | enp0s3 | True | fe80::6d:90ff:fe52:c7b2/64 |       .       |  link | 02:6d:90:52:c7:b2 |
[   19.592367] cloud-init[1070]: ci-info: +--------+------+----------------------------+---------------+-------+-------------------+
[   19.592686] cloud-init[1070]: ci-info: +++++++++++++++++++++++++++Route IPv4 info++++++++++++++++++++++++++++
         Starting LXD - unix socket.
[   19.592850] cloud-init[1070]: ci-info: +-------+-------------+----------+---------------+-----------+-------+
[   19.780677] cloud-init[1070]: ci-info: | Route | Destination | Gateway  |    Genmask    | Interface | Flags |
[[0;32m  OK  [0m] Listening on ACPID Listen Socket.
[[   19.780780] cloud-init[1070]: ci-info: +-------+-------------+----------+---------------+-----------+-------+
[   20.141288] cloud-init[1070]: ci-info: |   0   |   0.0.0.0   | 10.0.2.2 |    0.0.0.0    |   enp0s3  |   UG  |
[0;32m  OK  [0m] Listening on D-Bus System Message Bus Socket.
[   20.141417] cloud-init[1070]: ci-info: |   1   |   10.0.2.0  | 0.0.0.0  | 255.255.255.0 |   enp0s3  |   U   |
[   20.344660] cloud-init[1070]: ci-info: +-------+-------------+----------+---------------+-----------+-------+
[[0;32m  OK  [0m] Started Daily apt activities.
         Starting Socket activation for snappy daemon.
[[0;32m  OK  [0m] Started ACPI Events Check.
[[0;32m  OK  [0m] Started Timer to automatically refresh installed snaps.
[[0;32m  OK  [0m] Started Trigger resolvconf update for networkd DNS.
[[0;32m  OK  [0m] Reached target Paths.
[[0;32m  OK  [0m] Started Daily Cleanup of Temporary Directories.
[[0;32m  OK  [0m] Reached target Timers.
[[0;32m  OK  [0m] Listening on UUID daemon activation socket.
[[0;32m  OK  [0m] Reached target Network is Online.
         Starting iSCSI initiator daemon (iscsid)...
[[0;32m  OK  [0m] Listening on LXD - unix socket.
[[0;32m  OK  [0m] Listening on Socket activation for snappy daemon.
[[0;32m  OK  [0m] Started iSCSI initiator daemon (iscsid).
         Starting Login to default iSCSI targets...
[[0;32m  OK  [0m] Reached target Sockets.
[[0;32m  OK  [0m] Reached target Basic System.
         Starting /etc/rc.local Compatibility...
         Starting MySQL Community Server...
[[0;32m  OK  [0m] Started Regular background program processing daemon.
         Starting Login Service...
[[0;32m  OK  [0m] Started D-Bus System Message Bus.
         Starting LSB: Record successful boot for GRUB...
         Starting OpenBSD Secure Shell server...
[[0;32m  OK  [0m] Started ACPI event daemon.
[[0;32m  OK  [0m] Started FUSE filesystem for LXC.
[[0;32m  OK  [0m] Started Snappy daemon.
         Starting Auto import assertions from block devices...
[[0;32m  OK  [0m] Started Deferred execution scheduler.
         Starting System Logging Service...
         Starting Accounts Service...
         Starting Apply the settings specified in cloud-config...
         Starting LSB: MD monitoring daemon...
         Starting LXD - container startup/shutdown...
[[0;32m  OK  [0m] Started OpenBSD Secure Shell server.
[[0;32m  OK  [0m] Started System Logging Service.
[[0;32m  OK  [0m] Started /etc/rc.local Compatibility.
[[0;32m  OK  [0m] Started Auto import assertions from block devices.
[[0;32m  OK  [0m] Started LXD - container startup/shutdown.
[[0;32m  OK  [0m] Started Login to default iSCSI targets.
[[0;32m  OK  [0m] Started LSB: Record successful boot for GRUB.
[[0;32m  OK  [0m] Started LSB: MD monitoring daemon.
[   21.795710] cloud-init[1170]: Cloud-init v. 0.7.8 running 'modules:config' at Mon, 20 Feb 2017 01:58:06 +0000. Up 21.68 seconds.
[[0;32m  OK  [0m] Started Login Service.
[[0;32m  OK  [0m] Started Apply the settings specified in cloud-config.
         Starting Authenticate and Authorize Users to Run Privileged Tasks...
[[0;32m  OK  [0m] Reached target Remote File Systems (Pre).
[[0;32m  OK  [0m] Reached target Remote File Systems.
         Starting LSB: Set the CPU Frequency Scaling governor to "ondemand"...
         Starting Permit User Sessions...
         Starting LSB: automatic crash report generation...
         Starting LSB: daemon to balance interrupts for SMP systems...
         Starting LSB: VirtualBox Linux Additions...
         Starting LSB: Apache2 web server...
[[0;32m  OK  [0m] Started Permit User Sessions.
[[0;32m  OK  [0m] Started Authenticate and Authorize Users to Run Privileged Tasks.
[[0;32m  OK  [0m] Started Accounts Service.
[[0;32m  OK  [0m] Started LSB: Set the CPU Frequency Scaling governor to "ondemand".
[[0;32m  OK  [0m] Started LSB: daemon to balance interrupts for SMP systems.
[[0;32m  OK  [0m] Started LSB: automatic crash report generation.
[[0;32m  OK  [0m] Created slice User Slice of ubuntu.
[[0;32m  OK  [0m] Started Session 1 of user ubuntu.
         Starting User Manager for UID 1000...
         Starting Terminate Plymouth Boot Screen...
         Starting Hold until boot process finishes up...
[[0;32m  OK  [0m] Started User Manager for UID 1000.
[[0;32m  OK  [0m] Started MySQL Community Server.
[[0;32m  OK  [0m] Started LSB: VirtualBox Linux Additions.
[[0;32m  OK  [0m] Started Terminate Plymouth Boot Screen.
[[0;32m  OK  [0m] Started Hold until boot process finishes up.
[[0;32m  OK  [0m] Started Serial Getty on ttyS0.
         Starting Set console scheme...
[[0;32m  OK  [0m] Started Getty on tty1.
[[0;32m  OK  [0m] Reached target Login Prompts.
[[0;32m  OK  [0m] Started Set console scheme.
[[0;32m  OK  [0m] Started LSB: Apache2 web server.
[[0;32m  OK  [0m] Reached target Multi-User System.
         Starting Execute cloud user/final scripts...
[[0;32m  OK  [0m] Reached target Graphical Interface.
         Starting Update UTMP about System Runlevel Changes...
[[0;32m  OK  [0m] Started Update UTMP about System Runlevel Changes.
[   24.066082] cloud-init[1448]: Cloud-init v. 0.7.8 running 'modules:final' at Mon, 20 Feb 2017 01:58:09 +0000. Up 23.97 seconds.
[[0;32m  OK  [0m] Started Execute cloud user/final scripts.
[   24.165684] cloud-init[1448]: Cloud-init v. 0.7.8 finished at Mon, 20 Feb 2017 01:58:09 +0000. Datasource DataSourceNoCloud [seed=/dev/sdb][dsmode=net].  Up 24.06 seconds
[[0;32m  OK  [0m] Reached target Cloud-init target.

Ubuntu 16.04.1 LTS ubuntu-xenial ttyS0

ubuntu-xenial login: 