[  0000000] Initializing cgrou subss puet
  0.00000] Initializingcgupsubsys cpu
[   0.0000 Inialiing cgroupsuyscpuacct
[   0.0000] Linux version 4.40--generic (bildd@lgw01-11) (gcc versio 54. 20160 (Ubntu 4.6ubuntu1~16.04.) ) #80-Ubuntu SMP Fri Jan 6 17:47:47 UTC 2017 (Ubuntu 4.4.0-59.80-generic 4.4.35)
[    0.000000] Command line: BOOT_IMAGE=/boot/vmlinuz-44.59-geric rot=LABEL=loudimg-rootfsroonsole=ty1coole=tyS0[    .000000] KERELsuppoedcps:[   0.000000]   Inel Geninntel[   0.000000]   AMD AuthenticAMD
[    0.000000]   Centaur CentaurHauls
[    0.000000] x86/fpu: xstate_offset[2]:  576, xstate_sizes[2]:  256
[    0.000000] x86/pu: uprtng XSVE fetu 0x01 'x8 fating oi reisters'
[    0.000000] x86/fpu Suporin XVE feaure 0x0: 'SSE rgiers'
[    0.0000]86/fpu: Suporing XSAVEfeature x04: 'AVX registers'
[    0.000000] x86/fpu: Enabled xstate features 0x7, context size is 832 bytes, using 'standard' format.
[    0.000000] x86/u:sing 'lazy' FPU cotext switche.
[    0.000000] e820: BIOS-provided physical RAM map:
[    0.000000] BIOS-e820: [mem 0x0000000000000000-0x000000000009fbff] usable
[    0.000000] BIOS-e820: [mem 0x000000000009fc00-0x000000000009ffff] reserved
[    0.000000] BIOS-e820: [mem 0x00000000000f0000-0x00000000000fffff] reserved
[    0.000000] BIOS-e820: [mem 0x0000000000100000-0x00000000dffeffff] usable
[    0.000000] BIOS-e820: [mem 0x00000000dfff0000-0x00000000dfffffff] ACPI data
[    0.000000] BIOS-e820: [mem 0x00000000fffc0000-0x00000000ffffffff] reserved
[    0.000000] BIOS-e820: [mem 0x0000000100000000-0x000000011f3fffff] usable
[    0.000000] NX (Execute Disable) protection: active
[    0.000000] SMBIOS 2.5 present.
[    0.000000] Hypervisor detected: KVM
[    0.000000] e820: last_pfn = 0x11f400 max_arch_pfn = 0x400000000
[    0.000000] MTRR: Disabled
[    0.000000] x86/PAT: MTRRs disabled, skipping PAT initialization too.
[    0.000000] x86/PAT: Configuration [0-7]: WB  WT  UC- UC  WB  WT  UC- UC  
[    0.000000] CPU MTRRs all blank - virtualized system.
[    0.00000e82 last_pfn = 0xdfff0 max_arch_pfn = 0x40000
[   0.00000] found SMP MP-table at [mem 0x0009fff0-0x0009ffff] mapped at [ffff88000009fff0][    000000] canning 1 aas forlo memor crrupon
[  0.0000] AMISK [em 036800-0x75abff]
[  0.00000] ACP: Erly tabl cckum verfictin isabed
[   0.00000] ACPI: RSDP 0x00000000000E0000 000024 (v02 VBOX  )
[   00000]ACPI XSDT 0x00000000DFFF0030 00003C (v01 VBOX   VBOXXSDT 00000001AS  000006)
[    0.00000] ACPIFA 0x0000000DFF00F0 0000F4 (v04 VBOX   VBOXAC 00000 ASL 00000061)
[    0.000000] ACPI: DSDT 0x00000000DFFF0470 002106 (v01 VBOX   VBOXBIOS 00000002 INTL 20100528)
[    0.000000] ACPI: FACS 0x00000000DFFF0200 000040
[    0.000000] ACPI: FACS 0x00000000DFFF0200 000040
[    0.000000] ACPI: APIC 0x00000000DFFF0240 00005C (v02 VBOX   VBOXAPIC 00000001 ASL  00000061)
[    0.000000] ACPI: SSDT 0x00000000DFFF02A0 0001CC (v01 VBOX   VBOXCPUT 00000002 INTL 20100528)
[    0.000000] No NUMA configuration found
[    0.000000] Faking a node at [mem 0x0000000000000000-0x000000011f3fffff]
[    0.000000] NODE_DATA(0) allocated [mem 0x11f3f9000-0x11f3fdfff]
[    0.000000] kvm-clock: Using msrs 4b564d01 and 4b564d00
[    0.000000] kvm-clock: cpu 0, msr 1:1f3f1001, primary cpu clock
[    0.000000] kvm-clock: using sched offset of 3367469174 cycles
[    0.000000] clocksource: kvm-clock: mask: 0xffffffffffffffff max_cycles: 0x1cd42e4dffb, max_idle_ns: 881590591483 ns
[    0.000000] Zone ranges:
[    0.000000]   DMA      [mem 0x0000000000001000-0x0000000000ffffff]
[   000000]  DM32  [mem 000000001000000-0x00000000ffffffff]
[    0.000000]   Normal   [mem 0x0000000100000000-0x000000011f3fffff]
[    0.000000]   Device   empty
[    0.000000] Movable zone start for each node
[    0.000000] Early memory node ranges
[    0.000000]   node   0: [mem 0x0000000000001000-0x00000000009efff]
[    0.000000]   node  0:[mem 0x000000000000000-0x000000dffefff]    0.00000]  node   0: [mem 0x0000000100000000-0x000000011f3fffff]
[    0.000000] Initmem setup node 0 [mem 0x0000000000001000-0x000000011f3fff]
[  0.00000 ACPI: PM-Timer IO Port: 0x4008
[    0.000000] IOAPIC[0]: apic_id 2, version 17, address 0xfec00000, GSI 0-23
[    0.000000] ACPI: INT_SRC_OVR (bus 0 bus_irq 0 global_irq 2 dfl dfl)
[    0.000000] ACPI: INT_SRC_OVR (bus 0 bus_irq 9 global_irq 9 high level)
[    0.000000] Using ACPI (MADT) for SMP configuration information
[    0.000000] smpboot: Allowing 2 CPUs, 0 hotplug CPUs
[    0.000000] PM: Registered nosave memory: [mem 0x00000000-0x00000fff]
[    0.000000] PM: Registered nosave memory: [meem 00009f000-x0009fff]
[   0.000000] PM: Registered nosave memory: [mem 0x000a0000-0x000effff]
[    0.000000] PM: Registered nosave memory: [mem 0x000f0000-0x000fffff]
[    0.000000] PM: Registered nosave memory: [mem 0xdfff0000-0xdfffffff]
[    0.000000] PM: Registered nosave memory: [mem 0xe0000000-0xfffbffff]
[    0.000000] PM: Registered nosave memory:[mm 0xff00000xfffffff]
[    0.000000] e820: [mem 0xe0000000-0xfffbffff] available for PCI devices
[    0.000000] Booting paravirtualized kernel on KVM
[    0.000000] clocksource: refined-jfi: mask: xfffffff max_cycles: 0xffffffff, max_idle_ns: 7645519600211568 ns
[    0.000000] setup_percpu: NR_CPUS:512 nr_cpumask_bits:512 nr_cpu_ids:2 nr_node_ids:1
[    0.000000] PERCPU: Embedded 33 pages/cpu @ffff88011f000000 s98264 r8192 d28712 u1048576
[    0.000000] PV qspinlock hash table entries: 256 (order: 0, 4096 bytes)
[    0.000000] Built 1 zonelists in Node order, mobility groupingon  Totalages: 029033
[   0.000] Polcyzoe:Norma
[    0.00000] Kernel omndline BOO_IMGE/boot/vmlnu-4.40-59-geneicoot=LBEL=coudimg-rootfsro console=tty1 console=ttyS0
[    00000] ID hah tabe tres: 496 (orde: 3, 32768 ytes)
[   0.000] Memry 402000K/8160Kavailable (846Kkeel code, 121Krwdata, 3960K rodata, 1488K init, 1316K bss, 161260K reserved, 0K cma-reserved)
[    0.000000] SLUB: HWalign=64, Order=0-3, MinObjects=0, CPUs=2, Nodes=1
[    0.000000] Hierarchical RCU mpementatin.[    0.000000] 	Build-te djustmet f lea fnout  6.
[   0.000] 	CU rstrictngCPUs fomR_PUS=512 to nr_cu_s=.
[   0.0000] CU: Adjstg geometr f ru_faout_lef=4, nr_cpu_ids=2
[    0.000000] NR_IRQS:33024 nr_irqs:440 16
[    0.000000] Console: colour VGA+ 80x25
[    0.000000] console [tty1] enabled
    .0000] conole [tyS0] enabled
[    0.000000] tsc: Detected 2294.688 MHz processor
[    5.537623] Calibrating delay loop (skipped) preset value.. 4589.37 BogoMIPS (lpj=9178752)
[    5.539483]pi_max: default: 32768 minimum: 301
[    5.597838] ACPI: Core revision 20150930
[    5.642870] ACPI: 2 ACPI AML tables successfully acquired and loaded
[    5.722343] Security Framework initialized
[    5.726506] Yama: becoming mindful.
[    5.727218] AppArmor: AppArmor initialized
[    5.731523] Dentry cache hash table entries: 524288 (order: 10, 4194304 bytes)
[    5.825564] Inode-cache hash table entries: 262144 (order: 9, 2097152 bytes)
[    5.944036] Mount-cache hash table entries: 8192 (order: 4, 65536 bytes)
[    5.993141] Mountpoint-cache hash table entries: 8192 (order: 4, 65536 bytes)
[    6.089388] Initializing cgroup subsys io
[    6.148952] Initializing cgroup subsys memory
[    6.217797] Initializing cgroup subsys devices
[    6.254034] Initializing cgroup subsys freezer
[    6.267182] Initializing cgroup subsys net_cls
[    6.340854] Initializing cgroup subsys perf_event
[    6.421641] Initializing cgroup subsys net_prio
[    6.456630] Initializing cgroup subsys hugetlb
[    6.521795] Initializing cgroup subsys pids
[    6.573540] CPU: Physical Processor ID: 0
[    6.645390] CPU: Processor Core ID: 0
[    6.690257] mce: CPU supports 0 MCE banks
[    6.709649] Last level iTLB entries: 4KB 1024, 2MB 1024, 4MB 1024
[    6.781452] Last level dTLB entries: 4KB 1024, 2MB 1024, 4MB 1024, 1GB 4
[    6.867184] Freeing SMP alternatives memory: 32K (ffffffff820b8000 - ffffffff820c0000)
[    6.976891] ftrace: allocating 32064 entries in 126 pages
[    7.017500] smpboot: APIC(0) Converting physical 0 to logical package 0
[    7.141225] smpboot: Max logical packages: 1
[    7.171302] ..TIMER: vector=0x30 apic1=0 pin1=2 apic2=-1 pin2=-1
[    7.405232] smpboot: CPU0: Intel(R) Core(TM) i7-4850HQ CPU @ 2.30GHz (family: 0x6, model: 0x46, stepping: 0x1)
[    7.553757] Performance Events: unsupported p6 CPU model 70 no PMU driver, software events only.
[    7.661807] KVM setup paravirtual spinlock
[    7.694518] x86: Booting SMP configuration:
[    7.765708] .... node  #0, CPUs:      #1
[    7.821393] kvm-clock: cpu 1, msr 1:1f3f1041, secondary cpu clock
[    7.843239] mce: CPU supports 0 MCE banks
[    7.859216] x86: Booted up 1 node, 2 CPUs
[    7.877480] smpboot: Total of 2 processors activated (9178.75 BogoMIPS)
[    7.884663] devtmpfs: initialized
[    7.886783] evm: security.selinux
[    7.888593] evm: security.SMACK64
[    7.889312] evm: security.SMACK64EXEC
[    7.897579] evm: security.SMACK64TRANSMUTE
[    7.898337] evm: security.SMACK64MMAP
[    7.899033] evm: security.ima
[    7.899658] evm: security.capability
[    7.900606] clocksource: jiffies: mask: 0xffffffff max_cycles: 0xffffffff, max_idle_ns: 7645041785100000 ns
[    7.902730] pinctrl core: initialized pinctrl subsystem
[    7.926133] RTC time:  0:03:17, date: 02/06/17
[    7.927127] NET: Registered protocol family 16
[    7.964909] cpuidle: using governor ladder
[    7.997453] cpuidle: using governor menu
[    8.039609] PCCT header not found.
[    8.068179] ACPI: bus type PCI registered
[    8.077628] acpiphp: ACPI Hot Plug PCI Controller Driver version: 0.5
[    8.078781] PCI: Using configuration type 1 for base access
[    8.094566] ACPI: Added _OSI(Module Device)
[    8.149702] ACPI: Added _OSI(Processor Device)
[    8.175495] ACPI: Added _OSI(3.0 _SCP Extensions)
[    8.177854] ACPI: Added _OSI(Processor Aggregator Device)
[    8.179358] ACPI: Executed 1 blocks of module-level executable AML code
[    8.182141] ACPI: Interpreter enabled
[    8.217022] ACPI: (supports S0 S5)
[    8.250141] ACPI: Using IOAPIC for interrupt routing
[    8.270002] PCI: Using host bridge windows from ACPI; if necessary, use "pci=nocrs" and report a bug
[    8.333737] ACPI: PCI Root Bridge [PCI0] (domain 0000 [bus 00-ff])
[    8.370603] acpi PNP0A03:00: _OSC: OS supports [ASPM ClockPM Segments MSI]
[    8.374656] acpi PNP0A03:00: _OSC failed (AE_NOT_FOUND); disabling ASPM
[    8.375750] acpi PNP0A03:00: fail to add MMCONFIG information, can't access extended PCI configuration space under this bridge.
[    8.377871] PCI host bridge to bus 0000:00
[    8.378605] pci_bus 0000:00: root bus resource [io  0x0000-0x0cf7 window]
[    8.379715] pci_bus 0000:00: root bus resource [io  0x0d00-0xffff window]
[    8.420675] pci_bus 0000:00: root bus resource [mem 0x000a0000-0x000bffff window]
[    8.467474] pci_bus 0000:00: root bus resource [mem 0xe0000000-0xffdfffff window]
[    8.483286] pci_bus 0000:00: root bus resource [bus 00-ff]
[    8.538836] pci 0000:00:01.1: legacy IDE quirk: reg 0x10: [io  0x01f0-0x01f7]
[    8.553331] pci 0000:00:01.1: legacy IDE quirk: reg 0x14: [io  0x03f6]
[    8.599189] pci 0000:00:01.1: legacy IDE quirk: reg 0x18: [io  0x0170-0x0177]
[    8.642576] pci 0000:00:01.1: legacy IDE quirk: reg 0x1c: [io  0x0376]
[    8.690251] ACPI: PCI Interrupt Link [LNKA] (IRQs 5 9 10 11) *0, disabled.
[    8.720424] ACPI: PCI Interrupt Link [LNKB] (IRQs 5 9 10 *11)
[    8.769027] ACPI: PCI Interrupt Link [LNKC] (IRQs 5 9 *10 11)
[    8.775867] ACPI: PCI Interrupt Link [LNKD] (IRQs 5 *9 10 11)
[    8.777381] ACPI: Enabled 2 GPEs in block 00 to 07
[    8.807939] vgaarb: setting as boot device: PCI:0000:00:02.0
[    8.844928] vgaarb: device added: PCI:0000:00:02.0,decodes=io+mem,owns=io+mem,locks=none
[    8.914064] vgaarb: loaded
[    8.922833] vgaarb: bridge control possible 0000:00:02.0
[    8.950629] SCSI subsystem initialized
[    8.967716] ACPI: bus type USB registered
[    9.007562] usbcore: registered new interface driver usbfs
[    9.047281] usbcore: registered new interface driver hub
[    9.048227] usbcore: registered new device driver usb
[    9.102301] PCI: Using ACPI for IRQ routing
[    9.120980] NetLabel: Initializing
[    9.139556] NetLabel:  domain hash size = 128
[    9.145201] NetLabel:  protocols = UNLABELED CIPSOv4
[    9.146163] NetLabel:  unlabeled traffic allowed by default
[    9.147358] amd_nb: Cannot enumerate AMD northbridges
[    9.201403] clocksource: Switched to clocksource kvm-clock
[   9.45970] ApArmor: AppArmor Filesystem Enabld  9.71] np: nPACPIinit
[  9673164] npPnP AI:ound 3 eves

[   10.004790] clocksource: acpi_pm: mask: 0xffffff max_cycles: 0xffffff, max_idle_ns: 2085701024 ns
[   10.046031] NET: Registered protocol family 2
[   10.062748] TCP established hash table entries: 32768 (order: 6, 262144 bytes)
[   10.065451] TCP bind hash table entries: 32768 (order: 7, 524288 bytes)
[   10.068965] TCP: Hash tables configured (established 32768 bind 32768)
[   10.099865] UDP hash table entries: 2048 (order: 4, 65536 bytes)
[   10.111653] UDP-Lite hash table entries: 2048 (order: 4, 65536 bytes)
[   10.157505] NET: Registered protocol family 1
[   10.192500] pci 0000:00:00.0: Limiting direct PCI/PCI transfers
[   10.216817] pci 0000:00:01.0: Activating ISA DMA hang workarounds
[   10.249788] Trying to unpack rootfs image as initramfs...
[   11.983792] Freeing initrd memory: 10512K (ffff880036b68000 - ffff8800375ac000)
[   12.038832] PCI-DMA: Using software bounce buffering for IO (SWIOTLB)
[   12.098768] software IO TLB [mem 0xdbff0000-0xdfff0000] (64MB) mapped at [ffff8800dbff0000-ffff8800dffeffff]
[   12.133710] platform rtc_cmos: registered platform RTC device (no PNP device found)
[   12.206489] Scanning for low memory corruption every 60 seconds
[   12.229846] futex hash table entries: 512 (order: 3, 32768 bytes)
[   12.249605] audit: initializing netlink subsys (disabled)
[   12.265008] audit: type=2000 audit(1486339397.723:1): initialized
[   12.275052] Initialise system trusted keyring
[   12.314946] HugeTLB registered 2 MB page size, pre-allocated 0 pages
[   12.346337] zbud: loaded
[   12.353856] VFS: Disk quotas dquot_6.6.0
[   12.404651] VFS: Dquot-cache hash table entries: 512 (order 0, 4096 bytes)
[   12.417952] squashfs: version 4.0 (2009/01/31) Phillip Lougher
[   12.465872] fuse init (API version 7.23)
[   12.488761] Key type big_key registered
[   12.507220] Allocating IMA MOK and blacklist keyrings.
[   12.541812] Key type asymmetric registered
[   12.599367] Asymmetric key parser 'x509' registered
[   12.616703] Block layer SCSI generic (bsg) driver version 0.4 loaded (major 249)
[   12.634318] io scheduler noop registered
[   12.690667] io scheduler deadline registered (default)
[   12.705518] io scheduler cfq registered
[   12.717834] pci_hotplug: PCI Hot Plug PCI Core version: 0.5
[   12.741159] pciehp: PCI Express Hot Plug Controller Driver version: 0.4
[   12.803394] ACPI: AC Adapter [AC] (on-line)
[   12.815431] input: Power Button as /devices/LNXSYSTM:00/LNXPWRBN:00/input/input0
[   12.822755] ACPI: Power Button [PWRF]
[   12.823594] input: Sleep Button as /devices/LNXSYSTM:00/LNXSLPBN:00/input/input1
[   12.886492] ACPI: Sleep Button [SLPF]
[   12.902854] GHES: HEST is not enabled!
[   12.904676] ACPI: Battery Slot [BAT0] (battery present)
[   12.937465] Serial: 8250/16550 driver, 32 ports, IRQ sharing enabled
[   13.021213] 00:02: ttyS0 at I/O 0x3f8 (irq = 4, base_baud = 115200) is a 16550A
[   13.090877] Linux agpgart interface v0.103
[   13.109215] brd: module loaded
[   13.119025] loop: module loaded
[   13.122664] scsi host0: ata_piix
[   13.145397] tsc: Refined TSC clocksource calibration: 2293.906 MHz
[   13.185383] clocksource: tsc: mask: 0xffffffffffffffff max_cycles: 0x2110b86037d, max_idle_ns: 440795226529 ns
[   132273]sc hst1:ata_ii
   13.462484] ata1: PATA max UDMA/33 cmd 0x1f0 ctl 0x3f6 bmdma 0xd000 irq 14
[   13.493780] ata2: PATA max UDMA/33 cmd 0x170 ctl 0x376 bmdma 0xd008 irq 15
[   149826] libpy: Fixed DIO Bu: roed
[   13.743294] unUnversa T/TP vi drve, .6
[   14.117332] tun: (C) 1999-2004 Max Krasnyansky <maxk@qualcomm.com>

[   14.118773] PPP generic driver version 2.4.2
[   14.153197] ehci_hcd: USB 2.0 'Enhanced' Host Controller (EHCI) Driver
[   14.205955] ehci-pci: EHCI PCI platform driver
[   14.232089] ehci-platform: EHCI generic platform driver
[   14.275291] ohci_hcd: USB 1.1 'Open' Host Controller (OHCI) Driver
[   14.296981] ohci-pci: OHCI PCI platform driver
[   14.305793] ohci-platform: OHCI generic platform driver
[   14.310316] uhci_hcd: USB Universal Host Controller Interface driver
[   14.350215] i8042: PNP: PS/2 Controller [PNP0303:PS2K,PNP0f03:PS2M] at 0x60,0x64 irq 1,12
[   14.379444] serio: i8042 KBD port at 0x60,0x64 irq 1
[   14.405228] serio: i8042 AUX port at 0x60,0x64 irq 12
[   14.458716] mousedev: PS/2 mouse device common for all mice
[   14.470117] rtc_cmos rtc_cmos: rtc core: registered rtc_cmos as rtc0
[   14.490123] input: AT Translated Set 2 keyboard as /devices/platform/i8042/serio0/input/input2
[   14.551468] rtc_cmos rtc_cmos: alarms up to one day, 114 bytes nvram
[   14.580257] i2c /dev entries driver
[   14.587708] device-mapper: uevent: version 1.0.3
[   14.594811] device-mapper: ioctl: 4.34.0-ioctl (2015-10-28) initialised: dm-devel@redhat.com
[   14.596451] ledtrig-cpu: registered to indicate activity on CPUs
[   14.599165] NET: Registered protocol family 10
[   14.618650] NET: Registered protocol family 17
[   14.619525] Key type dns_resolver registered
[   14.650908] microcode: CPU0 sig=0x40661, pf=0x40, revision=0x0
[   14.689607] microcode: CPU1 sig=0x40661, pf=0x40, revision=0x0
[   14.713068] microcode: Microcode Update Driver: v2.01 <tigran@aivazian.fsnet.co.uk>, Peter Oruba
[   14.714857] registered taskstats version 1
[   14.715653] Loading compiled-in X.509 certificates
[   14.717060] Loaded X.509 cert 'Build time autogenerated kernel key: 6ffa6bfaa152a74cd2b6aa1e188cb999d8f5632b'
[   14.718799] zswap: loaded using pool lzo/zbud
[   14.721531] Key type trusted registered
[   14.776314] Key type encrypted registered
[   14.789574] AppArmor: AppArmor sha1 policy hashing enabled
[   14.794992] ima: No TPM chip found, activating TPM-bypass!
[   14.858065] evm: HMAC attrs: 0x1
[   14.872697]   Magic number: 5:932:50
[   14.879488] platform platform-framebuffer.0: hash matches
[   14.892053] rtc_cmos rtc_cmos: setting system clock to 2017-02-06 00:03:24 UTC (1486339404)
[   14.972897] BIOS EDD facility v0.16 2004-Jun-25, 0 devices found
[   15.001799] EDD information not available.
[   15.003869] Freeing unused kernel memory: 1488K (ffffffff81f44000 - ffffffff820b8000)
[   15.005850] Write protecting the kernel read-only data: 14336k
[   15.015736] Freeing unused kernel memory: 1792K (ffff880001840000 - ffff880001a00000)
[   15.062307] Freeing unused kernel memory: 136K (ffff880001dde000 - ffff880001e00000)
Loading, please wait...
starting version[   15.103271] random: systemd-udevd: uninitialized urandom read (16 bytes read, 2 bits of entropy available)
 229
[   15.103760] random: udevadm: uninitialized urandom read (16 bytes read, 2 bits of entropy available)
[   15.103789] random: udevadm: uninitialized urandom read (16 bytes read, 2 bits of entropy available)
[   15.103879] random: udevadm: uninitialized urandom read (16 bytes read, 2 bits of entropy available)
[   15.103920] random: udevadm: uninitialized urandom read (16 bytes read, 2 bits of entropy available)
[   15.103954] random: udevadm: uninitialized urandom read (16 bytes read, 2 bits of entropy available)
[   15.103986] random: udevadm: uninitialized urandom read (16 bytes read, 2 bits of entropy available)
[   15.104017] random: udevadm: uninitialized urandom read (16 bytes read, 2 bits of entropy available)
[   15.104046] random: udevadm: uninitialized urandom read (16 bytes read, 2 bits of entropy available)
[   15.104073] random: udevadm: uninitialized urandom read (16 bytes read, 2 bits of entropy available)
[   15.465297] Fusion MPT base driver 3.04.20
[   15.513262] Copyright (c) 1999-2008 LSI Corporation
[   15.533188] e1000: Intel(R) PRO/1000 Network Driver - version 7.3.21-k8-NAPI
[   15.552157] e1000: Copyright (c) 1999-2006 Intel Corporation.
[   15.592863] Fusion MPT SPI Host driver 3.04.20
[   15.616477] AVX version of gcm_enc/dec engaged.
[   15.617579] mptbase: ioc0: Initiating bringup
[   15.670092] AES CTR mode by8 optimization enabled
[   15.782230] ioc0: LSI53C1030 A0: Capabilities={Initiator}
[   15.845111] input: ImExPS/2 Generic Explorer Mouse as /devices/platform/i8042/serio1/input/input4
[   16.253339] scsi host2: ioc0: LSI53C1030 A0, FwRev=00000000h, Ports=1, MaxQ=256, IRQ=20
[   16.943389] scsi 2:0:0:0: Direct-Access     VBOX     HARDDISK         1.0  PQ: 0 ANSI: 5
[   16.967500] scsi target2:0:0: Beginning Domain Validation
[   16.970737] scsi target2:0:0: Domain Validation skipping write tests
[   16.971786] scsi target2:0:0: Ending Domain Validation
[   16.985586] scsi target2:0:0: asynchronous
[   17.002582] scsi 2:0:1:0: Direct-Access     VBOX     HARDDISK         1.0  PQ: 0 ANSI: 5
[   17.047985] scsi target2:0:1: Beginning Domain Validation
[   17.058270] scsi target2:0:1: Domain Validation skipping write tests
[   17.077138] scsi target2:0:1: Ending Domain Validation
[   17.078302] scsi target2:0:1: asynchronous
[   17.202562] sd 2:0:0:0: Attached scsi generic sg0 type 0
[   17.205887] sd 2:0:0:0: [sda] 20971520 512-byte logical blocks: (10.7 GB/10.0 GiB)
[   17.211221] sd 2:0:1:0: Attached scsi generic sg1 type 0
[   17.251102] sd 2:0:1:0: [sdb] 20480 512-byte logical blocks: (10.5 MB/10.0 MiB)
[   17.275372] sd 2:0:0:0: [sda] Write Protect is off
[   17.283858] sd 2:0:0:0: [sda] Incomplete mode parameter data
[   17.285993] sd 2:0:0:0: [sda] Assuming drive cache: write through
[   17.287211] sd 2:0:1:0: [sdb] Write Protect is off
[   17.288421] sd 2:0:1:0: [sdb] Incomplete mode parameter data
[   17.289487] sd 2:0:1:0: [sdb] Assuming drive cache: write through
[   17.292769]  sda: sda1
[   17.301013] sd 2:0:1:0: [sdb] Attached SCSI disk
[   17.303715] sd 2:0:0:0: [sda] Attached SCSI disk
[   17.402845] e1000 0000:00:03.0 eth0: (PCI:33MHz:32-bit) 02:6d:90:52:c7:b2
[   17.431481] e1000 0000:00:03.0 eth0: Intel(R) PRO/1000 Network Connection
[   17.437641] e1000 0000:00:03.0 enp0s3: renamed from eth0
[   18.521678] floppy0: no floppy controllers found
Begin: Loading e[   19.911041] md: linear personality registered for level -1
ssential drivers ... [   19.921304] md: multipath personality registered for level -4
[   19.980353] md: raid0 personality registered for level 0
[   20.022407] md: raid1 personality registered for level 1
[   20.149477] raid6: sse2x1   gen()  9133 MB/s
[   20.229469] raid6: sse2x1   xor()  6968 MB/s
[   20.317469] raid6: sse2x2   gen() 11498 MB/s
[   20.413496] raid6: sse2x2   xor()  7421 MB/s
[   20.525512] raid6: sse2x4   gen() 12068 MB/s
[   20.601491] raid6: sse2x4   xor()  8178 MB/s
[   20.626667] raid6: using algorithm sse2x4 gen() 12068 MB/s
[   20.633314] raid6: .... xor() 8178 MB/s, rmw enabled
[   20.642850] raid6: using ssse3x2 recovery algorithm
[   20.696121] xor: automatically using best checksumming function:
[   20.753946]    avx       : 22813.000 MB/sec
[   20.785564] async_tx: api initialized (async)
[   20.823256] md: raid6 personality registered for level 6
[   20.885864] md: raid5 personality registered for level 5
[   20.914013] md: raid4 personality registered for level 4
[   20.987831] md: raid10 personality registered for level 10
done.
Begin: Running /scripts/init-premount ... done.
Begin: Mounting root file system ... Begin: Ru[   21.040766] Btrfs loaded
nning /scripts/local-top ... done.
Begin: Running /scripts/local-premount ... Scanning for Btrfs filesystems
done.
Warning: fsck no[   21.131120] EXT4-fs (sda1): INFO: recovery required on readonly filesystem
t present, so sk[   21.206719] EXT4-fs (sda1): write access will be enabled during recovery
ipping root file system
[   21.297305] EXT4-fs (sda1): orphan cleanup on readonly fs
[   21.317374] EXT4-fs (sda1): 6 orphan inodes deleted
[   21.346471] EXT4-fs (sda1): recovery complete
[   21.390636] EXT4-fs (sda1): mounted filesystem with ordered data mode. Opts: (null)
done.
Begin: Running /scripts/local-bottom ... done.
Begin: Running /scripts/init-bottom ... done.
[   21.577529] systemd[1]: systemd 229 running in system mode. (+PAM +AUDIT +SELINUX +IMA +APPARMOR +SMACK +SYSVINIT +UTMP +LIBCRYPTSETUP +GCRYPT +GNUTLS +ACL +XZ -LZ4 +SECCOMP +BLKID +ELFUTILS +KMOD -IDN)
[   21.640432] systemd[1]: Detected virtualization oracle.
[   21.679086] systemd[1]: Detected architecture x86-64.

Welcome to [1mUbuntu 16.04.1 LTS[0m!

[   1.6607 systd[: etosnae  <buu-enial>.
[ 22.353859 sstmd[1]: Listening on Device-mapper event daemon FIFOs.
[[0;32m  OK  [0m] Listening on Device-mapper event daemon FIFOs.
[   22.509667] systemd[1]: Started Forward Password Requests to Wall Directory Watch.
[[0;32m  OK  [0m] Started Forward Password Requests to Wall Directory Watch.
[   22.512718] systemd[1]: Reached target User and Group Name Lookups.
[[0;32m  OK  [0m] Reached target User and Group Name Lookups.
[ 22.34086sysem1]:Created slice System Slice.

[[0;32m  OK  [0m] Created slice System Slice.
[   2.493]ysmd]:Liteng o Jrnl Socke.
[[0;32m  OK  [0m] Listening on Journal Socket.
[   23.257990] systemd[1]: Mounting Debug File System...
         Mounting Debug File System...
[   23.333720] systemd[1]: Starting Create list of required static device nodes for the current kernel...
         Starting Create list of required st... nodes for the current kernel...
[   23.486150] systemd[1]: Starting Set console keymap...
         Starting Set console keymap...
[   23.566109] systemd[1]: Starting Nameserver information manager...
         Starting Nameserver information manager...
[   23.665830] systemd[1]: Mounting POSIX Message Queue File System...
         Mounting POSIX Message Queue File System...
[   .75031]ystmd[1]: Cead lice system-serial\x2dgetty.slice.

[[0;32m  OK  [0m] Created slice system-serial\x2dgetty.slice.
[   .99700] systemd[1]: Listening on Journal Socket (/de/l).
[[0;32m  OK  [0m] Listening on Journal Socket (/dev/log).
[   24.2372] stmd]: isenin o /evnitct Cmpatibility Nme Ppe

[[0;32m  OK  [0m] Listening on /dev/initctl Compatibility Named Pipe.
[   24.788492] systemd[1]: Reached target Swap.
[[0;32m  OK  [0m] Reached target Swap.
[ 24.825817] systemd[1]: Listening on udev Kernel Socket.

[[0;32m  OK  [0m] Listening on udev Kernel Socket.
[   24.876515] random: nonblocking pool is initialized
[   24.897952] systemd[1]: Starting Load Kernel Modules...
         Starting Load Ke[   24.967466] Loading iSCSI transport class v2.0-870.
rnel Modules...
[   25.030365] systemd[1]: Reached target Encrypted Volumes.
[[0;32m  OK  [0[   25.046847] iscsi: registered transport (tcp)
m] Reached target Encrypted Volumes.
[   25.112534] iscsi: registered transport (iser)
[   25.126010] systemd[1]: Listening on Syslog Socket.
[[0;32m  OK  [0m] Listening on Syslog Socket.
[   25.178613] systemd[1]: Listening on LVM2 metadata daemon socket.
[[0;32m  OK  [0m] Listening on LVM2 metadata daemon socket.
[   25.258209] systemd[1]: Starting Monitoring of LVM2 mirrors, snapshots etc. using dmeventd or progress polling...
         Starting Monitoring of LVM2 mirrors... dmeventd or progress polling...
[   25.344488] systemd[1]: Mounting Huge Pages File System...
         Mounting Huge Pages File System...
[   25.353969] systemd[1]: Created slice User and Session Slice.
[[0;32m  OK  [0m] Created slice User and Session Slice.
[   25.355926] systemd[1]: Reached target Slices.
[[0;32m  OK  [0m] Reached target Slices.
[   25.382325] systemd[1]: Listening on LVM2 poll daemon socket.
[[0;32m  OK  [0m] Listening on LVM2 poll daemon socket.
[   25.428368] systemd[1]: Listening on Journal Audit Socket.
[[0;32m  OK  [0m] Listening on Journal Audit Socket.
[   25.493665] systemd[1]: Starting Journal Service...
         Starting Journal Service...
[   25.538252] systemd[1]: Starting Remount Root and Kernel File Systems...
[   25.544853] EXT4-fs (sda1): re-mounted. Opts: (null)
         Starting Remount Root and Kernel File Systems...
[   25.626630] systemd[1]: Set up automount Arbitrary Executable File Formats File System Automount Point.
[[0;32m  OK  [0m] Set up automount Arbitrary Executab...ats File System Automount Point.
[   25.710747] systemd[1]: Listening on udev Control Socket.
[[0;32m  OK  [0m] Listening on udev Control Socket.
[   25.754202] systemd[1]: Starting Uncomplicated firewall...
         Starting Uncomplicated firewall...
[   25.806984] systemd[1]: Mounted Debug File System.
[[0;32m  OK  [0m] Mounted Debug File System.
[   25.830013] systemd[1]: Mounted POSIX Message Queue File System.
[[0;32m  OK  [0m] Mounted POSIX Message Queue File System.
[   25.909656] systemd[1]: Mounted Huge Pages File System.
[[0;32m  OK  [0m] Mounted Huge Pages File System.
[   25.989753] systemd[1]: Started Journal Service.
[[0;32m  OK  [0m] Started Journal Service.
[[0;32m  OK  [0m] Started Create list of required sta...ce nodes for the current kernel.
[[0;32m  OK  [0m] Started Set console keymap.
[[0;32m  OK  [0m] Started Load Kernel Modules.
[[0;32m  OK  [0m] Started Remount Root and Kernel File Systems.
[[0;32m  OK  [0m] Started Uncomplicated firewall.
[[0;32m  OK  [0m] Started Nameserver information manager.
[[0;32m  OK  [0m] Started LVM2 metadata daemon.
         Starting udev Coldplug all Devices...
         Starting Initial cloud-init job (pre-networking)...
         Starting Load/Save Random Seed...
         Starting Apply Kernel Variables...
         Mounting FUSE Control File System...
         Starting Create Static Device Nodes in /dev...
         Starting Flush Journal to Persistent Storage...
[[0;32m  OK  [0m] Mounted FUSE Control File System.
[[0;32m  OK  [0m] Started Load/Save Random Seed.
[[0;32m  OK  [0m] Started Apply Kernel Variables.
[[0;32m  OK  [0m] Started Create Static Device Nodes in /dev.
[[0;32m  OK  [0m] Started udev Coldplug all Devices.
[[0;32m  OK  [0m] Started Monitoring of LVM2 mirrors,...ng dmeventd or progress polling.
[[0;32m  OK  [0m] Started Flush Journal to Persistent Storage.
         Starting udev Kernel Device Manager...
[[0;32m  OK  [0m] Started udev Kernel Device Manager.
[[0;32m  OK  [0m] Started Dispatch Password Requests to Console Directory Watch.
[[0;32m  OK  [0m] Reached target Local File Systems (Pre).
[[0;32m  OK  [0m] Reached target Local File Systems.
         Starting LSB: AppArmor initialization...
         Starting Create Volatile Files and Directories...
         Starting Tell Plymouth To Write Out Runtime Data...
         Starting Set console font and keymap...
[[0;32m  OK  [0m] Started Create Volatile Files and Directories.
[[0;32m  OK  [0m] Started Tell Plymouth To Write Out Runtime Data.
[[0;32m  OK  [0m] Found device /dev/ttyS0.
         Starting Update UTMP about System Boot/Shutdown...
[[0;32m  OK  [0m] Reached target System Time Synchronized.
[[0;32m  OK  [0m] Started Update UTMP about System Boot/Shutdown.
[[0;32m  OK  [0m] Started LSB: AppArmor initialization.
[[0;32m  OK  [0m] Listening on Load/Save RF Kill Switch Status /dev/rfkill Watch.
[[0;32m  OK  [0m] Found device 82540EM Gigabit Ethern...r (PRO/1000 MT Desktop Adapter).
[   18.939062] cloud-init[473]: Cloud-init v. 0.7.8 running 'init-local' at Mon, 06 Feb 2017 00:03:36 +0000. Up 18.45 seconds.
[[0;32m  OK  [0m] Started Initial cloud-init job (pre-networking).
[[0;32m  OK  [0m] Reached target Network (Pre).
[[0;32m  OK  [0m] Started ifup for enp0s3.
         Starting Raise network interfaces...
[[0;32m  OK  [0m] Started Set console font and keymap.
[[0;32m  OK  [0m] Created slice system-getty.slice.
[[0;32m  OK  [0m] Started Raise network interfaces.
         Starting Initial cloud-init job (metadata service crawler)...
[[0;32m  OK  [0m] Reached target Network.
[   22.098395] cloud-init[1079]: Cloud-init v. 0.7.8 running 'init' at Mon, 06 Feb 2017 00:03:40 +0000. Up 21.87 seconds.
[   22.152419] [cloud-init[0;32m  OK  [0m[1079]: ] ci-info: +++++++++++++++++++++++++++++++++++++Net device info++++++++++++++++++++++++++++++++++++++Started Initial cloud-init job (metadata service crawler).

[   22.152926] cloud-init[1079]: ci-info: +--------+------+----------------------------+---------------+-------+-------------------+
[   22.240325] [cloud-init[0;32m  OK  [0m[1079]: ] ci-info: | Device |  Up  |          Address           |      Mask     | Scope |     Hw-Address    |Reached target Cloud-config availability.

[[0;32m  OK  [0m] Reached target System Initialization.
[   22.240974] cloud-init[1079]: ci-info: +--------+------+----------------------------+---------------+-------+-------------------+
[   22.433957] [cloud-init[0;32m  OK  [0m[1079]: ] ci-info: | enp0s3 | True |         10.0.2.15          | 255.255.255.0 |   .   | 02:6d:90:52:c7:b2 |Started Timer to automatically refresh installed snaps.

[   22.434424] [cloud-init[0;32m  OK  [0m[1079]: ] ci-info: | enp0s3 | True | fe80::6d:90ff:fe52:c7b2/64 |       .       |  link | 02:6d:90:52:c7:b2 |Started Trigger resolvconf update for networkd DNS.

[   22.562081] [cloud-init[0;32m  OK  [0m[1079]: ] ci-info: |   lo   | True |         127.0.0.1          |   255.0.0.0   |   .   |         .         |Started Daily apt activities.

[[0;32m  OK  [0m] Listening on D-Bus System Message Bus Socket.
[   22.562714] cloud-init[1079]: ci-info: |   lo   | True |          ::1/128           |       .       |  host |         .         |
[   22.808807]          cloud-initStarting LXD - unix socket.[1079]: 
ci-info: +--------+------+----------------------------+---------------+-------+-------------------+
[   22.880316] [cloud-init[0;32m  OK  [0m[1079]: ] ci-info: +++++++++++++++++++++++++++Route IPv4 info++++++++++++++++++++++++++++Listening on ACPID Listen Socket.

[[0;32m  OK  [0m] Listening on UUID daemon activation socket.
[   22.880905] cloud-init[1079]: ci-info: +-------+-------------+----------+---------------+-----------+-------+
[   23.067393] [cloud-init[0;32m  OK  [0m[1079]: ] ci-info: | Route | Destination | Gateway  |    Genmask    | Interface | Flags |Started ACPI Events Check.

[[0;32m  OK  [0m] Reached target Paths.
[[0;32m  OK  [0m] Started Daily Cleanup of Temporary Directories.
[[0;32m  OK  [0m] Reached target Timers.
         Starting Socket activation for snappy daemon.
[[0;32m  OK  [0m] Reached target Network is Online.
[   23.067848] cloud-init[1079]: ci-info: +-------+-------------+----------+---------------+-----------+-------+
[   23.102857] cloud-init[1079]: ci-info: |   0   |   0.0.0.0   | 10.0.2.2 |    0.0.0.0    |   enp0s3  |   UG  |
         Starting iSCSI initiator daemon (iscsid)...
[   23.159926] cloud-init[1079]: ci-info: |   1   |   10.0.2.0  | 0.0.0.0  | 255.255.255.0 |   enp0s3  |   U   |
[   23.262874] [cloud-init[0;32m  OK  [0m[1079]: ] ci-info: +-------+-------------+----------+---------------+-----------+-------+Listening on LXD - unix socket.

[[0;32m  OK  [0m] Listening on Socket activation for snappy daemon.
[[0;32m  OK  [0m] Reached target Sockets.
[[0;32m  OK  [0m] Reached target Basic System.
[[0;32m  OK  [0m] Started D-Bus System Message Bus.
[[0;32m  OK  [0m] Started FUSE filesystem for LXC.
         Starting LSB: MD monitoring daemon...
[[0;32m  OK  [0m] Started Deferred execution scheduler.
         Starting Accounts Service...
         Starting System Logging Service...
         Starting Apply the settings specified in cloud-config...
         Starting LXD - container startup/shutdown...
         Starting Daily apt activities...
[[0;32m  OK  [0m] Started Snappy daemon.
         Starting Auto import assertions from block devices...
[[0;32m  OK  [0m] Started Regular background program processing daemon.
         Starting /etc/rc.local Compatibility...
         Starting LSB: Record successful boot for GRUB...
[[0;32m  OK  [0m] Started ACPI event daemon.
         Starting Login Service...
         Starting MySQL Community Server...
         Starting OpenBSD Secure Shell server...
[[0;32m  OK  [0m] Started System Logging Service.
[[0;32m  OK  [0m] Started OpenBSD Secure Shell server.
[[0;32m  OK  [0m] Started iSCSI initiator daemon (iscsid).
[[0;32m  OK  [0m] Started Apply the settings specified in cloud-config.
[[0;32m  OK  [0m] Started LXD - container startup/shutdown.
[[0;32m  OK  [0m] Started Auto import assertions from block devices.
[[0;32m  OK  [0m] Started /etc/rc.local Compatibility.
[   24.176923] cloud-init[1157]: Cloud-init v. 0.7.8 running 'modules:config' at Mon, 06 Feb 2017 00:03:42 +0000. Up 24.07 seconds.
[[0;32m  OK  [0m] Started LSB: MD monitoring daemon.
[[0;32m  OK  [0m] Started LSB: Record successful boot for GRUB.
         Starting Authenticate and Authorize Users to Run Privileged Tasks...
         Starting Login to default iSCSI targets...
[[0;32m  OK  [0m] Started Login Service.
[[0;32m  OK  [0m] Started Authenticate and Authorize Users to Run Privileged Tasks.
[[0;32m  OK  [0m] Started Accounts Service.
[[0;32m  OK  [0m] Started Login to default iSCSI targets.
[[0;32m  OK  [0m] Reached target Remote File Systems (Pre).
[[0;32m  OK  [0m] Reached target Remote File Systems.
         Starting LSB: Apache2 web server...
         Starting LSB: automatic crash report generation...
         Starting Permit User Sessions...
         Starting LSB: VirtualBox Linux Additions...
         Starting LSB: Set the CPU Frequency Scaling governor to "ondemand"...
         Starting LSB: daemon to balance interrupts for SMP systems...
[[0;32m  OK  [0m] Started Permit User Sessions.
[[0;32m  OK  [0m] Started LSB: Set the CPU Frequency Scaling governor to "ondemand".
[[0;32m  OK  [0m] Started LSB: automatic crash report generation.
[[0;32m  OK  [0m] Started LSB: VirtualBox Linux Additions.
[[0;32m  OK  [0m] Started LSB: daemon to balance interrupts for SMP systems.
[[0;32m  OK  [0m] Created slice User Slice of ubuntu.
         Starting User Manager for UID 1000...
[[0;32m  OK  [0m] Started Session 1 of user ubuntu.
         Starting Terminate Plymouth Boot Screen...
         Starting Hold until boot process finishes up...
[[0;32m  OK  [0m] Started User Manager for UID 1000.
[[0;32m  OK  [0m] Started MySQL Community Server.
[[0;32m  OK  [0m] Started Terminate Plymouth Boot Screen.
[[0;32m  OK  [0m] Started Hold until boot process finishes up.
[[0;32m  OK  [0m] Started Getty on tty1.
[[0;32m  OK  [0m] Started Serial Getty on ttyS0.
[[0;32m  OK  [0m] Reached target Login Prompts.
         Starting Set console scheme...
[[0;32m  OK  [0m] Started Set console scheme.
[[0;32m  OK  [0m] Started LSB: Apache2 web server.
[[0;32m  OK  [0m] Reached target Multi-User System.
         Starting Execute cloud user/final scripts...
[[0;32m  OK  [0m] Reached target Graphical Interface.
         Starting Update UTMP about System Runlevel Changes...
[[0;32m  OK  [0m] Started Update UTMP about System Runlevel Changes.
[   26.985867] cloud-init[1666]: Cloud-init v. 0.7.8 running 'modules:final' at Mon, 06 Feb 2017 00:03:45 +0000. Up 26.87 seconds.
[   27.072737] [cloud-init[0;32m  OK  [0m[1666]: ] Cloud-init v. 0.7.8 finished at Mon, 06 Feb 2017 00:03:45 +0000. Datasource DataSourceNoCloud [seed=/dev/sdb][dsmode=net].  Up 26.97 secondsStarted Execute cloud user/final scripts.

[[0;32m  OK  [0m] Reached target Cloud-init target.
         Stopping User Manager for UID 1000...
[[0;32m  OK  [0m] Stopped User Manager for UID 1000.
[[0;32m  OK  [0m] Removed slice User Slice of ubuntu.

Ubuntu 16.04.1 LTS ubuntu-xenial ttyS0

ubuntu-xenial login: 